Word count = 6
Average word length = 6.5
Number of words of length 1 is 1
Number of words of length 4 is 1
Number of words of length 7 is 2
Number of words of length 10 is 2
The most frequently occurring word length is 2, for word lengths of 7 & 10
