Word count = 6
Average word length = 5.667
Number of words of length 3 is 1
Number of words of length 5 is 3
Number of words of length 7 is 1
Number of words of length 9 is 1
The most frequently occurring word length is 3, for word lengths of 5
