Word count = 326
Average word length = 4.277
Number of words of length 1 is 62
Number of words of length 2 is 52
Number of words of length 3 is 49
Number of words of length 4 is 35
Number of words of length 5 is 36
Number of words of length 6 is 21
Number of words of length 7 is 31
Number of words of length 8 is 9
Number of words of length 9 is 10
Number of words of length 10 is 9
Number of words of length 11 is 7
Number of words of length 12 is 2
Number of words of length 13 is 1
Number of words of length 26 is 2
The most frequently occurring word length is 62, for word lengths of 1
